
[2026-08-11 10:03:30.063579] 
    ============================================================
    SIGNAL ANALYSIS

    TIME              : 2026-08-11 10:03:29.978700
    CANDLE            : 2026-08-11 09:55:00

    TREND             : BEARISH
    PRICE             : 24486.85

    EMA3              : 24480.1
    EMA30             : 24535.66
    EMA GAP           : 55.56

    DIST EMA30        : -48.81
    DIST OR           : 7.8

    OR HIGH           : 24576.85
    OR LOW            : 24479.05

    CE TAKEN          : False
    PE TAKEN          : False

    ============================================================
    

[2026-08-11 10:05:01.983785] 
    ============================================================
    SIGNAL ANALYSIS

    TIME              : 2026-08-11 10:05:01.983161
    CANDLE            : 2026-08-11 10:00:00

    TREND             : BEARISH
    PRICE             : 24486.55

    EMA3              : 24483.32
    EMA30             : 24532.49
    EMA GAP           : 49.17

    DIST EMA30        : -45.94
    DIST OR           : 7.5

    OR HIGH           : 24576.85
    OR LOW            : 24479.05

    CE TAKEN          : False
    PE TAKEN          : False

    ============================================================
    

[2026-08-11 10:10:08.787969] 
    ============================================================
    SIGNAL ANALYSIS

    TIME              : 2026-08-11 10:10:08.787557
    CANDLE            : 2026-08-11 10:05:00

    TREND             : BEARISH
    PRICE             : 24479.55

    EMA3              : 24481.44
    EMA30             : 24529.08
    EMA GAP           : 47.64

    DIST EMA30        : -49.53
    DIST OR           : 0.5

    OR HIGH           : 24576.85
    OR LOW            : 24479.05

    CE TAKEN          : False
    PE TAKEN          : False

    ============================================================
    

[2026-08-11 10:15:15.769008] 
    ============================================================
    SIGNAL ANALYSIS

    TIME              : 2026-08-11 10:15:15.768698
    CANDLE            : 2026-08-11 10:10:00

    TREND             : BEARISH
    PRICE             : 24473

    EMA3              : 24477.22
    EMA30             : 24525.46
    EMA GAP           : 48.24

    DIST EMA30        : -52.46
    DIST OR           : -6.05

    OR HIGH           : 24576.85
    OR LOW            : 24479.05

    CE TAKEN          : False
    PE TAKEN          : False

    ============================================================
    

[2026-08-11 11:10:38.618648] 
    ============================================================
    SIGNAL ANALYSIS

    TIME              : 2026-08-11 11:10:38.618479
    CANDLE            : 2026-08-11 11:05:00

    TREND             : BEARISH
    PRICE             : 24445.65

    EMA3              : 24453.77
    EMA30             : 24495.5
    EMA GAP           : 41.73

    DIST EMA30        : -49.85
    DIST OR           : -33.4

    OR HIGH           : 24576.85
    OR LOW            : 24479.05

    CE TAKEN          : False
    PE TAKEN          : True

    ============================================================
    

[2026-08-12 09:30:21.376825] 
    ============================================================
    SIGNAL ANALYSIS

    TIME              : 2026-08-12 09:30:21.340367
    CANDLE            : 2026-08-12 09:25:00

    TREND             : BEARISH
    PRICE             : 24457.4

    EMA3              : 24443.04
    EMA30             : 24451.09
    EMA GAP           : 8.05

    DIST EMA30        : 6.31
    DIST OR           : 66.5

    OR HIGH           : 24473.3
    OR LOW            : 24390.9

    CE TAKEN          : False
    PE TAKEN          : False

    ============================================================
    

[2026-08-12 09:35:38.689418] 
    ============================================================
    SIGNAL ANALYSIS

    TIME              : 2026-08-12 09:35:38.689031
    CANDLE            : 2026-08-12 09:30:00

    TREND             : BEARISH
    PRICE             : 24440.2

    EMA3              : 24441.62
    EMA30             : 24450.39
    EMA GAP           : 8.77

    DIST EMA30        : -10.19
    DIST OR           : 49.3

    OR HIGH           : 24473.3
    OR LOW            : 24390.9

    CE TAKEN          : False
    PE TAKEN          : False

    ============================================================
    

[2026-08-12 09:40:17.452666] 
    ============================================================
    SIGNAL ANALYSIS

    TIME              : 2026-08-12 09:40:17.452428
    CANDLE            : 2026-08-12 09:35:00

    TREND             : BEARISH
    PRICE             : 24427.85

    EMA3              : 24434.73
    EMA30             : 24448.94
    EMA GAP           : 14.2

    DIST EMA30        : -21.09
    DIST OR           : 36.95

    OR HIGH           : 24473.3
    OR LOW            : 24390.9

    CE TAKEN          : False
    PE TAKEN          : False

    ============================================================
    

[2026-08-12 09:45:01.101451] 
    ============================================================
    SIGNAL ANALYSIS

    TIME              : 2026-08-12 09:45:01.101214
    CANDLE            : 2026-08-12 09:40:00

    TREND             : BEARISH
    PRICE             : 24428

    EMA3              : 24431.37
    EMA30             : 24447.59
    EMA GAP           : 16.22

    DIST EMA30        : -19.59
    DIST OR           : 37.1

    OR HIGH           : 24473.3
    OR LOW            : 24390.9

    CE TAKEN          : False
    PE TAKEN          : True

    ============================================================
    

[2026-08-12 09:50:07.894964] 
    ============================================================
    SIGNAL ANALYSIS

    TIME              : 2026-08-12 09:50:07.894413
    CANDLE            : 2026-08-12 09:45:00

    TREND             : BEARISH
    PRICE             : 24402.55

    EMA3              : 24416.96
    EMA30             : 24444.68
    EMA GAP           : 27.72

    DIST EMA30        : -42.13
    DIST OR           : 11.65

    OR HIGH           : 24473.3
    OR LOW            : 24390.9

    CE TAKEN          : False
    PE TAKEN          : True

    ============================================================
    

[2026-08-12 09:55:14.810984] 
    ============================================================
    SIGNAL ANALYSIS

    TIME              : 2026-08-12 09:55:14.810376
    CANDLE            : 2026-08-12 09:50:00

    TREND             : BEARISH
    PRICE             : 24409.9

    EMA3              : 24413.43
    EMA30             : 24442.44
    EMA GAP           : 29.01

    DIST EMA30        : -32.54
    DIST OR           : 19.0

    OR HIGH           : 24473.3
    OR LOW            : 24390.9

    CE TAKEN          : False
    PE TAKEN          : True

    ============================================================
    

[2026-08-12 10:00:23.355737] 
    ============================================================
    SIGNAL ANALYSIS

    TIME              : 2026-08-12 10:00:23.355504
    CANDLE            : 2026-08-12 09:55:00

    TREND             : BEARISH
    PRICE             : 24378.55

    EMA3              : 24395.99
    EMA30             : 24438.31
    EMA GAP           : 42.32

    DIST EMA30        : -59.76
    DIST OR           : -12.35

    OR HIGH           : 24473.3
    OR LOW            : 24390.9

    CE TAKEN          : False
    PE TAKEN          : True

    ============================================================
    

[2026-08-12 10:12:35.083687] 
    ============================================================
    SIGNAL ANALYSIS

    TIME              : 2026-08-12 10:12:35.083425
    CANDLE            : 2026-08-12 10:05:00

    TREND             : BEARISH
    PRICE             : 24363.75

    EMA3              : 24371.52
    EMA30             : 24428.93
    EMA GAP           : 57.41

    DIST EMA30        : -65.18
    DIST OR           : -27.15

    OR HIGH           : 24473.3
    OR LOW            : 24390.9

    CE TAKEN          : False
    PE TAKEN          : False

    ============================================================
    

[2026-08-12 10:15:10.184026] 
    ============================================================
    SIGNAL ANALYSIS

    TIME              : 2026-08-12 10:15:10.183811
    CANDLE            : 2026-08-12 10:10:00

    TREND             : BEARISH
    PRICE             : 24365.1

    EMA3              : 24368.31
    EMA30             : 24424.82
    EMA GAP           : 56.5

    DIST EMA30        : -59.72
    DIST OR           : -25.8

    OR HIGH           : 24473.3
    OR LOW            : 24390.9

    CE TAKEN          : False
    PE TAKEN          : False

    ============================================================
    

[2026-08-12 10:20:20.412658] 
    ============================================================
    SIGNAL ANALYSIS

    TIME              : 2026-08-12 10:20:20.412409
    CANDLE            : 2026-08-12 10:15:00

    TREND             : BEARISH
    PRICE             : 24373.5

    EMA3              : 24370.91
    EMA30             : 24421.51
    EMA GAP           : 50.6

    DIST EMA30        : -48.01
    DIST OR           : -17.4

    OR HIGH           : 24473.3
    OR LOW            : 24390.9

    CE TAKEN          : False
    PE TAKEN          : False

    ============================================================
    

[2026-08-12 10:25:32.173077] 
    ============================================================
    SIGNAL ANALYSIS

    TIME              : 2026-08-12 10:25:32.172834
    CANDLE            : 2026-08-12 10:20:00

    TREND             : BEARISH
    PRICE             : 24374.8

    EMA3              : 24372.85
    EMA30             : 24418.49
    EMA GAP           : 45.64

    DIST EMA30        : -43.69
    DIST OR           : -16.1

    OR HIGH           : 24473.3
    OR LOW            : 24390.9

    CE TAKEN          : False
    PE TAKEN          : False

    ============================================================
    

[2026-08-12 10:30:12.400630] 
    ============================================================
    SIGNAL ANALYSIS

    TIME              : 2026-08-12 10:30:12.400379
    CANDLE            : 2026-08-12 10:25:00

    TREND             : BEARISH
    PRICE             : 24371.5

    EMA3              : 24372.18
    EMA30             : 24415.46
    EMA GAP           : 43.28

    DIST EMA30        : -43.96
    DIST OR           : -19.4

    OR HIGH           : 24473.3
    OR LOW            : 24390.9

    CE TAKEN          : False
    PE TAKEN          : False

    ============================================================
    

[2026-08-12 10:35:30.990922] 
    ============================================================
    SIGNAL ANALYSIS

    TIME              : 2026-08-12 10:35:30.990684
    CANDLE            : 2026-08-12 10:30:00

    TREND             : BEARISH
    PRICE             : 24395.6

    EMA3              : 24383.89
    EMA30             : 24414.18
    EMA GAP           : 30.29

    DIST EMA30        : -18.58
    DIST OR           : 4.7

    OR HIGH           : 24473.3
    OR LOW            : 24390.9

    CE TAKEN          : False
    PE TAKEN          : True

    ============================================================
    

[2026-08-12 10:40:08.107115] 
    ============================================================
    SIGNAL ANALYSIS

    TIME              : 2026-08-12 10:40:08.106866
    CANDLE            : 2026-08-12 10:35:00

    TREND             : BEARISH
    PRICE             : 24386.55

    EMA3              : 24385.22
    EMA30             : 24412.4
    EMA GAP           : 27.18

    DIST EMA30        : -25.85
    DIST OR           : -4.35

    OR HIGH           : 24473.3
    OR LOW            : 24390.9

    CE TAKEN          : False
    PE TAKEN          : True

    ============================================================
    

[2026-08-12 10:45:15.854853] 
    ============================================================
    SIGNAL ANALYSIS

    TIME              : 2026-08-12 10:45:15.854627
    CANDLE            : 2026-08-12 10:40:00

    TREND             : BEARISH
    PRICE             : 24375.65

    EMA3              : 24380.43
    EMA30             : 24410.03
    EMA GAP           : 29.59

    DIST EMA30        : -34.38
    DIST OR           : -15.25

    OR HIGH           : 24473.3
    OR LOW            : 24390.9

    CE TAKEN          : False
    PE TAKEN          : True

    ============================================================
    

[2026-08-12 10:50:26.358275] 
    ============================================================
    SIGNAL ANALYSIS

    TIME              : 2026-08-12 10:50:26.357960
    CANDLE            : 2026-08-12 10:45:00

    TREND             : BEARISH
    PRICE             : 24357.25

    EMA3              : 24368.84
    EMA30             : 24406.62
    EMA GAP           : 37.78

    DIST EMA30        : -49.37
    DIST OR           : -33.65

    OR HIGH           : 24473.3
    OR LOW            : 24390.9

    CE TAKEN          : False
    PE TAKEN          : True

    ============================================================
    

[2026-08-12 10:55:03.685006] 
    ============================================================
    SIGNAL ANALYSIS

    TIME              : 2026-08-12 10:55:03.684760
    CANDLE            : 2026-08-12 10:50:00

    TREND             : BEARISH
    PRICE             : 24359.3

    EMA3              : 24364.07
    EMA30             : 24403.57
    EMA GAP           : 39.5

    DIST EMA30        : -44.27
    DIST OR           : -31.6

    OR HIGH           : 24473.3
    OR LOW            : 24390.9

    CE TAKEN          : False
    PE TAKEN          : True

    ============================================================
    

[2026-08-12 11:00:12.673716] 
    ============================================================
    SIGNAL ANALYSIS

    TIME              : 2026-08-12 11:00:12.673088
    CANDLE            : 2026-08-12 10:55:00

    TREND             : BEARISH
    PRICE             : 24318.65

    EMA3              : 24341.36
    EMA30             : 24398.09
    EMA GAP           : 56.73

    DIST EMA30        : -79.44
    DIST OR           : -72.25

    OR HIGH           : 24473.3
    OR LOW            : 24390.9

    CE TAKEN          : False
    PE TAKEN          : True

    ============================================================
    

[2026-08-12 11:05:22.703896] 
    ============================================================
    SIGNAL ANALYSIS

    TIME              : 2026-08-12 11:05:22.703580
    CANDLE            : 2026-08-12 11:00:00

    TREND             : BEARISH
    PRICE             : 24300.3

    EMA3              : 24320.83
    EMA30             : 24391.78
    EMA GAP           : 70.95

    DIST EMA30        : -91.48
    DIST OR           : -90.6

    OR HIGH           : 24473.3
    OR LOW            : 24390.9

    CE TAKEN          : False
    PE TAKEN          : True

    ============================================================
    

[2026-08-12 11:10:00.981195] 
    ============================================================
    SIGNAL ANALYSIS

    TIME              : 2026-08-12 11:10:00.980946
    CANDLE            : 2026-08-12 11:05:00

    TREND             : BEARISH
    PRICE             : 24305.6

    EMA3              : 24313.22
    EMA30             : 24386.22
    EMA GAP           : 73.01

    DIST EMA30        : -80.62
    DIST OR           : -85.3

    OR HIGH           : 24473.3
    OR LOW            : 24390.9

    CE TAKEN          : False
    PE TAKEN          : True

    ============================================================
    

[2026-08-12 11:15:11.717013] 
    ============================================================
    SIGNAL ANALYSIS

    TIME              : 2026-08-12 11:15:11.716733
    CANDLE            : 2026-08-12 11:10:00

    TREND             : BEARISH
    PRICE             : 24302.9

    EMA3              : 24308.06
    EMA30             : 24380.84
    EMA GAP           : 72.79

    DIST EMA30        : -77.94
    DIST OR           : -88.0

    OR HIGH           : 24473.3
    OR LOW            : 24390.9

    CE TAKEN          : False
    PE TAKEN          : True

    ============================================================
    

[2026-08-12 11:20:20.579436] 
    ============================================================
    SIGNAL ANALYSIS

    TIME              : 2026-08-12 11:20:20.579118
    CANDLE            : 2026-08-12 11:15:00

    TREND             : BEARISH
    PRICE             : 24307.05

    EMA3              : 24307.55
    EMA30             : 24376.08
    EMA GAP           : 68.53

    DIST EMA30        : -69.03
    DIST OR           : -83.85

    OR HIGH           : 24473.3
    OR LOW            : 24390.9

    CE TAKEN          : False
    PE TAKEN          : True

    ============================================================
    

[2026-08-12 11:25:29.912088] 
    ============================================================
    SIGNAL ANALYSIS

    TIME              : 2026-08-12 11:25:29.911854
    CANDLE            : 2026-08-12 11:20:00

    TREND             : BEARISH
    PRICE             : 24305.3

    EMA3              : 24306.43
    EMA30             : 24371.52
    EMA GAP           : 65.09

    DIST EMA30        : -66.22
    DIST OR           : -85.6

    OR HIGH           : 24473.3
    OR LOW            : 24390.9

    CE TAKEN          : False
    PE TAKEN          : True

    ============================================================
    

[2026-08-12 11:30:08.182064] 
    ============================================================
    SIGNAL ANALYSIS

    TIME              : 2026-08-12 11:30:08.181822
    CANDLE            : 2026-08-12 11:25:00

    TREND             : BEARISH
    PRICE             : 24297.05

    EMA3              : 24301.74
    EMA30             : 24366.71
    EMA GAP           : 64.97

    DIST EMA30        : -69.66
    DIST OR           : -93.85

    OR HIGH           : 24473.3
    OR LOW            : 24390.9

    CE TAKEN          : False
    PE TAKEN          : True

    ============================================================
    

[2026-08-12 11:35:16.104209] 
    ============================================================
    SIGNAL ANALYSIS

    TIME              : 2026-08-12 11:35:16.103889
    CANDLE            : 2026-08-12 11:30:00

    TREND             : BEARISH
    PRICE             : 24302.35

    EMA3              : 24302.04
    EMA30             : 24362.56
    EMA GAP           : 60.52

    DIST EMA30        : -60.21
    DIST OR           : -88.55

    OR HIGH           : 24473.3
    OR LOW            : 24390.9

    CE TAKEN          : False
    PE TAKEN          : True

    ============================================================
    

[2026-08-12 11:40:24.413841] 
    ============================================================
    SIGNAL ANALYSIS

    TIME              : 2026-08-12 11:40:24.413538
    CANDLE            : 2026-08-12 11:35:00

    TREND             : BEARISH
    PRICE             : 24285.95

    EMA3              : 24294.0
    EMA30             : 24357.62
    EMA GAP           : 63.62

    DIST EMA30        : -71.67
    DIST OR           : -104.95

    OR HIGH           : 24473.3
    OR LOW            : 24390.9

    CE TAKEN          : False
    PE TAKEN          : True

    ============================================================
    

[2026-08-12 11:45:03.826534] 
    ============================================================
    SIGNAL ANALYSIS

    TIME              : 2026-08-12 11:45:03.826213
    CANDLE            : 2026-08-12 11:40:00

    TREND             : BEARISH
    PRICE             : 24294.2

    EMA3              : 24294.1
    EMA30             : 24353.53
    EMA GAP           : 59.43

    DIST EMA30        : -59.33
    DIST OR           : -96.7

    OR HIGH           : 24473.3
    OR LOW            : 24390.9

    CE TAKEN          : False
    PE TAKEN          : True

    ============================================================
    

[2026-08-12 11:50:14.255607] 
    ============================================================
    SIGNAL ANALYSIS

    TIME              : 2026-08-12 11:50:14.255377
    CANDLE            : 2026-08-12 11:45:00

    TREND             : BEARISH
    PRICE             : 24290.6

    EMA3              : 24292.35
    EMA30             : 24349.47
    EMA GAP           : 57.12

    DIST EMA30        : -58.87
    DIST OR           : -100.3

    OR HIGH           : 24473.3
    OR LOW            : 24390.9

    CE TAKEN          : False
    PE TAKEN          : True

    ============================================================
    

[2026-08-12 11:55:24.754011] 
    ============================================================
    SIGNAL ANALYSIS

    TIME              : 2026-08-12 11:55:24.753777
    CANDLE            : 2026-08-12 11:50:00

    TREND             : BEARISH
    PRICE             : 24282.1

    EMA3              : 24287.22
    EMA30             : 24345.12
    EMA GAP           : 57.9

    DIST EMA30        : -63.02
    DIST OR           : -108.8

    OR HIGH           : 24473.3
    OR LOW            : 24390.9

    CE TAKEN          : False
    PE TAKEN          : True

    ============================================================
    

[2026-08-12 12:00:04.884549] 
    ============================================================
    SIGNAL ANALYSIS

    TIME              : 2026-08-12 12:00:04.884287
    CANDLE            : 2026-08-12 11:55:00

    TREND             : BEARISH
    PRICE             : 24279.65

    EMA3              : 24283.44
    EMA30             : 24340.9
    EMA GAP           : 57.46

    DIST EMA30        : -61.25
    DIST OR           : -111.25

    OR HIGH           : 24473.3
    OR LOW            : 24390.9

    CE TAKEN          : False
    PE TAKEN          : True

    ============================================================
    

[2026-08-12 12:05:13.926043] 
    ============================================================
    SIGNAL ANALYSIS

    TIME              : 2026-08-12 12:05:13.925779
    CANDLE            : 2026-08-12 12:00:00

    TREND             : BEARISH
    PRICE             : 24272.55

    EMA3              : 24277.99
    EMA30             : 24336.49
    EMA GAP           : 58.49

    DIST EMA30        : -63.94
    DIST OR           : -118.35

    OR HIGH           : 24473.3
    OR LOW            : 24390.9

    CE TAKEN          : False
    PE TAKEN          : True

    ============================================================
    

[2026-08-12 12:10:25.307807] 
    ============================================================
    SIGNAL ANALYSIS

    TIME              : 2026-08-12 12:10:25.307462
    CANDLE            : 2026-08-12 12:05:00

    TREND             : BEARISH
    PRICE             : 24272.7

    EMA3              : 24275.35
    EMA30             : 24332.37
    EMA GAP           : 57.02

    DIST EMA30        : -59.67
    DIST OR           : -118.2

    OR HIGH           : 24473.3
    OR LOW            : 24390.9

    CE TAKEN          : False
    PE TAKEN          : True

    ============================================================
    

[2026-08-12 12:15:04.240972] 
    ============================================================
    SIGNAL ANALYSIS

    TIME              : 2026-08-12 12:15:04.240732
    CANDLE            : 2026-08-12 12:10:00

    TREND             : BEARISH
    PRICE             : 24267.1

    EMA3              : 24271.22
    EMA30             : 24328.16
    EMA GAP           : 56.94

    DIST EMA30        : -61.06
    DIST OR           : -123.8

    OR HIGH           : 24473.3
    OR LOW            : 24390.9

    CE TAKEN          : False
    PE TAKEN          : True

    ============================================================
    

[2026-08-12 12:20:11.039743] 
    ============================================================
    SIGNAL ANALYSIS

    TIME              : 2026-08-12 12:20:11.039487
    CANDLE            : 2026-08-12 12:15:00

    TREND             : BEARISH
    PRICE             : 24277.45

    EMA3              : 24274.34
    EMA30             : 24324.89
    EMA GAP           : 50.55

    DIST EMA30        : -47.44
    DIST OR           : -113.45

    OR HIGH           : 24473.3
    OR LOW            : 24390.9

    CE TAKEN          : False
    PE TAKEN          : True

    ============================================================
    

[2026-08-12 12:25:18.283674] 
    ============================================================
    SIGNAL ANALYSIS

    TIME              : 2026-08-12 12:25:18.283435
    CANDLE            : 2026-08-12 12:20:00

    TREND             : BEARISH
    PRICE             : 24274.6

    EMA3              : 24274.47
    EMA30             : 24321.64
    EMA GAP           : 47.18

    DIST EMA30        : -47.04
    DIST OR           : -116.3

    OR HIGH           : 24473.3
    OR LOW            : 24390.9

    CE TAKEN          : False
    PE TAKEN          : True

    ============================================================
    

[2026-08-12 12:30:25.116396] 
    ============================================================
    SIGNAL ANALYSIS

    TIME              : 2026-08-12 12:30:25.116132
    CANDLE            : 2026-08-12 12:25:00

    TREND             : BEARISH
    PRICE             : 24282.1

    EMA3              : 24278.28
    EMA30             : 24319.09
    EMA GAP           : 40.81

    DIST EMA30        : -36.99
    DIST OR           : -108.8

    OR HIGH           : 24473.3
    OR LOW            : 24390.9

    CE TAKEN          : False
    PE TAKEN          : True

    ============================================================
    

[2026-08-12 12:35:01.312760] 
    ============================================================
    SIGNAL ANALYSIS

    TIME              : 2026-08-12 12:35:01.312505
    CANDLE            : 2026-08-12 12:30:00

    TREND             : BEARISH
    PRICE             : 24288.7

    EMA3              : 24283.49
    EMA30             : 24317.13
    EMA GAP           : 33.64

    DIST EMA30        : -28.43
    DIST OR           : -102.2

    OR HIGH           : 24473.3
    OR LOW            : 24390.9

    CE TAKEN          : False
    PE TAKEN          : True

    ============================================================
    

[2026-08-12 12:40:09.234912] 
    ============================================================
    SIGNAL ANALYSIS

    TIME              : 2026-08-12 12:40:09.234552
    CANDLE            : 2026-08-12 12:35:00

    TREND             : BEARISH
    PRICE             : 24289.45

    EMA3              : 24286.47
    EMA30             : 24315.35
    EMA GAP           : 28.88

    DIST EMA30        : -25.9
    DIST OR           : -101.45

    OR HIGH           : 24473.3
    OR LOW            : 24390.9

    CE TAKEN          : False
    PE TAKEN          : True

    ============================================================
    

[2026-08-12 12:45:16.355934] 
    ============================================================
    SIGNAL ANALYSIS

    TIME              : 2026-08-12 12:45:16.355577
    CANDLE            : 2026-08-12 12:40:00

    TREND             : BEARISH
    PRICE             : 24283.2

    EMA3              : 24284.84
    EMA30             : 24313.27
    EMA GAP           : 28.44

    DIST EMA30        : -30.07
    DIST OR           : -107.7

    OR HIGH           : 24473.3
    OR LOW            : 24390.9

    CE TAKEN          : False
    PE TAKEN          : True

    ============================================================
    

[2026-08-12 12:50:24.551000] 
    ============================================================
    SIGNAL ANALYSIS

    TIME              : 2026-08-12 12:50:24.550750
    CANDLE            : 2026-08-12 12:45:00

    TREND             : BEARISH
    PRICE             : 24283.3

    EMA3              : 24284.07
    EMA30             : 24311.34
    EMA GAP           : 27.27

    DIST EMA30        : -28.04
    DIST OR           : -107.6

    OR HIGH           : 24473.3
    OR LOW            : 24390.9

    CE TAKEN          : False
    PE TAKEN          : True

    ============================================================
    

[2026-08-12 12:55:02.872009] 
    ============================================================
    SIGNAL ANALYSIS

    TIME              : 2026-08-12 12:55:02.871827
    CANDLE            : 2026-08-12 12:50:00

    TREND             : BEARISH
    PRICE             : 24275.15

    EMA3              : 24279.61
    EMA30             : 24309.0
    EMA GAP           : 29.4

    DIST EMA30        : -33.85
    DIST OR           : -115.75

    OR HIGH           : 24473.3
    OR LOW            : 24390.9

    CE TAKEN          : False
    PE TAKEN          : True

    ============================================================
    

[2026-08-12 13:00:09.898405] 
    ============================================================
    SIGNAL ANALYSIS

    TIME              : 2026-08-12 13:00:09.898152
    CANDLE            : 2026-08-12 12:55:00

    TREND             : BEARISH
    PRICE             : 24276.55

    EMA3              : 24278.08
    EMA30             : 24306.91
    EMA GAP           : 28.83

    DIST EMA30        : -30.36
    DIST OR           : -114.35

    OR HIGH           : 24473.3
    OR LOW            : 24390.9

    CE TAKEN          : False
    PE TAKEN          : True

    ============================================================
    

[2026-08-12 13:05:17.191623] 
    ============================================================
    SIGNAL ANALYSIS

    TIME              : 2026-08-12 13:05:17.191379
    CANDLE            : 2026-08-12 13:00:00

    TREND             : BEARISH
    PRICE             : 24280.8

    EMA3              : 24279.44
    EMA30             : 24305.23
    EMA GAP           : 25.79

    DIST EMA30        : -24.43
    DIST OR           : -110.1

    OR HIGH           : 24473.3
    OR LOW            : 24390.9

    CE TAKEN          : False
    PE TAKEN          : True

    ============================================================
    

[2026-08-12 13:10:24.410067] 
    ============================================================
    SIGNAL ANALYSIS

    TIME              : 2026-08-12 13:10:24.409791
    CANDLE            : 2026-08-12 13:05:00

    TREND             : BEARISH
    PRICE             : 24280.95

    EMA3              : 24280.19
    EMA30             : 24303.66
    EMA GAP           : 23.46

    DIST EMA30        : -22.71
    DIST OR           : -109.95

    OR HIGH           : 24473.3
    OR LOW            : 24390.9

    CE TAKEN          : False
    PE TAKEN          : True

    ============================================================
    

[2026-08-12 13:15:01.014791] 
    ============================================================
    SIGNAL ANALYSIS

    TIME              : 2026-08-12 13:15:01.014542
    CANDLE            : 2026-08-12 13:10:00

    TREND             : BEARISH
    PRICE             : 24288.25

    EMA3              : 24284.22
    EMA30             : 24302.67
    EMA GAP           : 18.44

    DIST EMA30        : -14.42
    DIST OR           : -102.65

    OR HIGH           : 24473.3
    OR LOW            : 24390.9

    CE TAKEN          : False
    PE TAKEN          : True

    ============================================================
    

[2026-08-12 13:20:08.091348] 
    ============================================================
    SIGNAL ANALYSIS

    TIME              : 2026-08-12 13:20:08.091039
    CANDLE            : 2026-08-12 13:15:00

    TREND             : BEARISH
    PRICE             : 24295.95

    EMA3              : 24290.09
    EMA30             : 24302.23
    EMA GAP           : 12.15

    DIST EMA30        : -6.28
    DIST OR           : -94.95

    OR HIGH           : 24473.3
    OR LOW            : 24390.9

    CE TAKEN          : False
    PE TAKEN          : True

    ============================================================
    

[2026-08-12 13:25:15.107140] 
    ============================================================
    SIGNAL ANALYSIS

    TIME              : 2026-08-12 13:25:15.106874
    CANDLE            : 2026-08-12 13:20:00

    TREND             : BEARISH
    PRICE             : 24296.15

    EMA3              : 24293.12
    EMA30             : 24301.84
    EMA GAP           : 8.72

    DIST EMA30        : -5.69
    DIST OR           : -94.75

    OR HIGH           : 24473.3
    OR LOW            : 24390.9

    CE TAKEN          : False
    PE TAKEN          : True

    ============================================================
    

[2026-08-12 13:30:22.209764] 
    ============================================================
    SIGNAL ANALYSIS

    TIME              : 2026-08-12 13:30:22.209526
    CANDLE            : 2026-08-12 13:25:00

    TREND             : BEARISH
    PRICE             : 24292.85

    EMA3              : 24292.98
    EMA30             : 24301.26
    EMA GAP           : 8.28

    DIST EMA30        : -8.41
    DIST OR           : -98.05

    OR HIGH           : 24473.3
    OR LOW            : 24390.9

    CE TAKEN          : False
    PE TAKEN          : True

    ============================================================
    

[2026-08-12 13:35:29.546948] 
    ============================================================
    SIGNAL ANALYSIS

    TIME              : 2026-08-12 13:35:29.546702
    CANDLE            : 2026-08-12 13:30:00

    TREND             : BEARISH
    PRICE             : 24293.5

    EMA3              : 24293.24
    EMA30             : 24300.76
    EMA GAP           : 7.52

    DIST EMA30        : -7.26
    DIST OR           : -97.4

    OR HIGH           : 24473.3
    OR LOW            : 24390.9

    CE TAKEN          : False
    PE TAKEN          : True

    ============================================================
    

[2026-08-12 13:40:05.751223] 
    ============================================================
    SIGNAL ANALYSIS

    TIME              : 2026-08-12 13:40:05.751045
    CANDLE            : 2026-08-12 13:35:00

    TREND             : BEARISH
    PRICE             : 24294

    EMA3              : 24293.62
    EMA30             : 24300.32
    EMA GAP           : 6.7

    DIST EMA30        : -6.32
    DIST OR           : -96.9

    OR HIGH           : 24473.3
    OR LOW            : 24390.9

    CE TAKEN          : False
    PE TAKEN          : True

    ============================================================
    

[2026-08-12 13:45:12.676901] 
    ============================================================
    SIGNAL ANALYSIS

    TIME              : 2026-08-12 13:45:12.676642
    CANDLE            : 2026-08-12 13:40:00

    TREND             : BEARISH
    PRICE             : 24289.7

    EMA3              : 24291.66
    EMA30             : 24299.64
    EMA GAP           : 7.98

    DIST EMA30        : -9.94
    DIST OR           : -101.2

    OR HIGH           : 24473.3
    OR LOW            : 24390.9

    CE TAKEN          : False
    PE TAKEN          : True

    ============================================================
    

[2026-08-12 13:50:19.472091] 
    ============================================================
    SIGNAL ANALYSIS

    TIME              : 2026-08-12 13:50:19.471845
    CANDLE            : 2026-08-12 13:45:00

    TREND             : BEARISH
    PRICE             : 24289.95

    EMA3              : 24290.81
    EMA30             : 24299.01
    EMA GAP           : 8.21

    DIST EMA30        : -9.06
    DIST OR           : -100.95

    OR HIGH           : 24473.3
    OR LOW            : 24390.9

    CE TAKEN          : False
    PE TAKEN          : True

    ============================================================
    

[2026-08-12 13:55:26.446821] 
    ============================================================
    SIGNAL ANALYSIS

    TIME              : 2026-08-12 13:55:26.446569
    CANDLE            : 2026-08-12 13:50:00

    TREND             : BEARISH
    PRICE             : 24286.65

    EMA3              : 24288.73
    EMA30             : 24298.22
    EMA GAP           : 9.49

    DIST EMA30        : -11.57
    DIST OR           : -104.25

    OR HIGH           : 24473.3
    OR LOW            : 24390.9

    CE TAKEN          : False
    PE TAKEN          : True

    ============================================================
    

[2026-08-12 14:00:02.934941] 
    ============================================================
    SIGNAL ANALYSIS

    TIME              : 2026-08-12 14:00:02.934690
    CANDLE            : 2026-08-12 13:55:00

    TREND             : BEARISH
    PRICE             : 24286.4

    EMA3              : 24287.56
    EMA30             : 24297.45
    EMA GAP           : 9.89

    DIST EMA30        : -11.05
    DIST OR           : -104.5

    OR HIGH           : 24473.3
    OR LOW            : 24390.9

    CE TAKEN          : False
    PE TAKEN          : True

    ============================================================
    

[2026-08-12 14:05:11.307048] 
    ============================================================
    SIGNAL ANALYSIS

    TIME              : 2026-08-12 14:05:11.306836
    CANDLE            : 2026-08-12 14:00:00

    TREND             : BEARISH
    PRICE             : 24278.7

    EMA3              : 24283.13
    EMA30             : 24296.24
    EMA GAP           : 13.11

    DIST EMA30        : -17.54
    DIST OR           : -112.2

    OR HIGH           : 24473.3
    OR LOW            : 24390.9

    CE TAKEN          : False
    PE TAKEN          : True

    ============================================================
    

[2026-08-12 14:10:18.464898] 
    ============================================================
    SIGNAL ANALYSIS

    TIME              : 2026-08-12 14:10:18.464663
    CANDLE            : 2026-08-12 14:05:00

    TREND             : BEARISH
    PRICE             : 24284.35

    EMA3              : 24283.74
    EMA30             : 24295.48
    EMA GAP           : 11.73

    DIST EMA30        : -11.13
    DIST OR           : -106.55

    OR HIGH           : 24473.3
    OR LOW            : 24390.9

    CE TAKEN          : False
    PE TAKEN          : True

    ============================================================
    

[2026-08-12 14:15:25.445350] 
    ============================================================
    SIGNAL ANALYSIS

    TIME              : 2026-08-12 14:15:25.445102
    CANDLE            : 2026-08-12 14:10:00

    TREND             : BEARISH
    PRICE             : 24278.2

    EMA3              : 24280.97
    EMA30             : 24294.36
    EMA GAP           : 13.39

    DIST EMA30        : -16.16
    DIST OR           : -112.7

    OR HIGH           : 24473.3
    OR LOW            : 24390.9

    CE TAKEN          : False
    PE TAKEN          : True

    ============================================================
    

[2026-08-12 14:20:03.317746] 
    ============================================================
    SIGNAL ANALYSIS

    TIME              : 2026-08-12 14:20:03.317495
    CANDLE            : 2026-08-12 14:15:00

    TREND             : BEARISH
    PRICE             : 24289.65

    EMA3              : 24285.31
    EMA30             : 24294.06
    EMA GAP           : 8.75

    DIST EMA30        : -4.41
    DIST OR           : -101.25

    OR HIGH           : 24473.3
    OR LOW            : 24390.9

    CE TAKEN          : False
    PE TAKEN          : True

    ============================================================
    

[2026-08-12 14:25:11.368762] 
    ============================================================
    SIGNAL ANALYSIS

    TIME              : 2026-08-12 14:25:11.368475
    CANDLE            : 2026-08-12 14:20:00

    TREND             : BEARISH
    PRICE             : 24290.3

    EMA3              : 24287.81
    EMA30             : 24293.81
    EMA GAP           : 6.01

    DIST EMA30        : -3.51
    DIST OR           : -100.6

    OR HIGH           : 24473.3
    OR LOW            : 24390.9

    CE TAKEN          : False
    PE TAKEN          : True

    ============================================================
    

[2026-08-12 14:30:18.942574] 
    ============================================================
    SIGNAL ANALYSIS

    TIME              : 2026-08-12 14:30:18.942246
    CANDLE            : 2026-08-12 14:25:00

    TREND             : BEARISH
    PRICE             : 24298.55

    EMA3              : 24293.18
    EMA30             : 24294.12
    EMA GAP           : 0.94

    DIST EMA30        : 4.43
    DIST OR           : -92.35

    OR HIGH           : 24473.3
    OR LOW            : 24390.9

    CE TAKEN          : False
    PE TAKEN          : True

    ============================================================
    

[2026-08-12 14:35:25.887482] 
    ============================================================
    SIGNAL ANALYSIS

    TIME              : 2026-08-12 14:35:25.887185
    CANDLE            : 2026-08-12 14:30:00

    TREND             : BULLISH
    PRICE             : 24321.6

    EMA3              : 24307.39
    EMA30             : 24295.89
    EMA GAP           : 11.5

    DIST EMA30        : 25.71
    DIST OR           : -151.7

    OR HIGH           : 24473.3
    OR LOW            : 24390.9

    CE TAKEN          : False
    PE TAKEN          : True

    ============================================================
    

[2026-08-12 14:40:03.640536] 
    ============================================================
    SIGNAL ANALYSIS

    TIME              : 2026-08-12 14:40:03.640290
    CANDLE            : 2026-08-12 14:35:00

    TREND             : BULLISH
    PRICE             : 24315.8

    EMA3              : 24311.59
    EMA30             : 24297.18
    EMA GAP           : 14.42

    DIST EMA30        : 18.62
    DIST OR           : -157.5

    OR HIGH           : 24473.3
    OR LOW            : 24390.9

    CE TAKEN          : True
    PE TAKEN          : True

    ============================================================
    

[2026-08-12 14:45:10.621293] 
    ============================================================
    SIGNAL ANALYSIS

    TIME              : 2026-08-12 14:45:10.620981
    CANDLE            : 2026-08-12 14:40:00

    TREND             : BULLISH
    PRICE             : 24326

    EMA3              : 24318.8
    EMA30             : 24299.04
    EMA GAP           : 19.76

    DIST EMA30        : 26.96
    DIST OR           : -147.3

    OR HIGH           : 24473.3
    OR LOW            : 24390.9

    CE TAKEN          : True
    PE TAKEN          : True

    ============================================================
    

[2026-08-12 14:50:17.474851] 
    ============================================================
    SIGNAL ANALYSIS

    TIME              : 2026-08-12 14:50:17.474600
    CANDLE            : 2026-08-12 14:45:00

    TREND             : BULLISH
    PRICE             : 24322.2

    EMA3              : 24320.5
    EMA30             : 24300.53
    EMA GAP           : 19.97

    DIST EMA30        : 21.67
    DIST OR           : -151.1

    OR HIGH           : 24473.3
    OR LOW            : 24390.9

    CE TAKEN          : True
    PE TAKEN          : True

    ============================================================
    

[2026-08-12 14:55:25.260328] 
    ============================================================
    SIGNAL ANALYSIS

    TIME              : 2026-08-12 14:55:25.260054
    CANDLE            : 2026-08-12 14:50:00

    TREND             : BULLISH
    PRICE             : 24374.6

    EMA3              : 24347.55
    EMA30             : 24305.31
    EMA GAP           : 42.24

    DIST EMA30        : 69.29
    DIST OR           : -98.7

    OR HIGH           : 24473.3
    OR LOW            : 24390.9

    CE TAKEN          : True
    PE TAKEN          : True

    ============================================================
    

[2026-08-12 15:00:01.725501] 
    ============================================================
    SIGNAL ANALYSIS

    TIME              : 2026-08-12 15:00:01.725254
    CANDLE            : 2026-08-12 14:55:00

    TREND             : BULLISH
    PRICE             : 24371.15

    EMA3              : 24359.35
    EMA30             : 24309.56
    EMA GAP           : 49.79

    DIST EMA30        : 61.59
    DIST OR           : -102.15

    OR HIGH           : 24473.3
    OR LOW            : 24390.9

    CE TAKEN          : True
    PE TAKEN          : True

    ============================================================
    

[2026-08-12 15:05:08.987394] 
    ============================================================
    SIGNAL ANALYSIS

    TIME              : 2026-08-12 15:05:08.987123
    CANDLE            : 2026-08-12 15:00:00

    TREND             : BULLISH
    PRICE             : 24363.7

    EMA3              : 24361.52
    EMA30             : 24313.05
    EMA GAP           : 48.47

    DIST EMA30        : 50.65
    DIST OR           : -109.6

    OR HIGH           : 24473.3
    OR LOW            : 24390.9

    CE TAKEN          : True
    PE TAKEN          : True

    ============================================================
    

[2026-08-12 15:10:15.690568] 
    ============================================================
    SIGNAL ANALYSIS

    TIME              : 2026-08-12 15:10:15.690330
    CANDLE            : 2026-08-12 15:05:00

    TREND             : BULLISH
    PRICE             : 24356.5

    EMA3              : 24359.01
    EMA30             : 24315.85
    EMA GAP           : 43.16

    DIST EMA30        : 40.65
    DIST OR           : -116.8

    OR HIGH           : 24473.3
    OR LOW            : 24390.9

    CE TAKEN          : True
    PE TAKEN          : True

    ============================================================
    
